#
# There is insufficient memory for the Java Runtime Environment to continue.
# Native memory allocation (mmap) failed to map 264241152 bytes. Error detail: G1 virtual space
# Possible reasons:
#   The system is out of physical RAM or swap space
#   This process is running with CompressedOops enabled, and the Java Heap may be blocking the growth of the native heap
# Possible solutions:
#   Reduce memory load on the system
#   Increase physical memory or swap space
#   Check if swap backing store is full
#   Decrease Java heap size (-Xmx/-Xms)
#   Decrease number of Java threads
#   Decrease Java thread stack sizes (-Xss)
#   Set larger code cache with -XX:ReservedCodeCacheSize=
#   JVM is running with Zero Based Compressed Oops mode in which the Java heap is
#     placed in the first 32GB address space. The Java Heap base address is the
#     maximum limit for the native heap growth. Please use -XX:HeapBaseMinAddress
#     to set the Java Heap base and to place the Java Heap above 32GB virtual address.
# This output file may be truncated or incomplete.
#
#  Out of Memory Error (os_windows.cpp:3898), pid=12708, tid=22040
#
# JRE version:  (21.0.6) (build )
# Java VM: OpenJDK 64-Bit Server VM (21.0.6+-13391695-b895.109, mixed mode, sharing, tiered, compressed oops, compressed class ptrs, g1 gc, windows-amd64)
# No core dump will be written. Minidumps are not enabled by default on client versions of Windows
#

---------------  S U M M A R Y ------------

Command Line: org.jetbrains.kotlin.cli.jvm.K2JVMCompiler @C:\Users\Tharushika Rukshani\source\repos\EAD_Assignment\EVConnect\mobile\app\build\20251009_14060741642052785305.compiler.options

Host: 13th Gen Intel(R) Core(TM) i7-13620H, 16 cores, 15G,  Windows 11 , 64 bit Build 26100 (10.0.26100.6725)
Time: Thu Oct  9 23:30:21 2025 Sri Lanka Standard Time elapsed time: 0.011514 seconds (0d 0h 0m 0s)

---------------  T H R E A D  ---------------

Current thread (0x000002647a66f750):  JavaThread "Unknown thread" [_thread_in_vm, id=22040, stack(0x000000ec5d700000,0x000000ec5d800000) (1024K)]

Stack: [0x000000ec5d700000,0x000000ec5d800000]
Native frames: (J=compiled Java code, j=interpreted, Vv=VM code, C=native code)
V  [jvm.dll+0x6d0639]
V  [jvm.dll+0x85eb03]
V  [jvm.dll+0x86105e]
V  [jvm.dll+0x861743]
V  [jvm.dll+0x27e6e6]
V  [jvm.dll+0x6ccfd5]
V  [jvm.dll+0x6c0a8a]
V  [jvm.dll+0x35537b]
V  [jvm.dll+0x35cfd6]
V  [jvm.dll+0x3aef86]
V  [jvm.dll+0x3af258]
V  [jvm.dll+0x327a2c]
V  [jvm.dll+0x32871b]
V  [jvm.dll+0x826549]
V  [jvm.dll+0x3bc158]
V  [jvm.dll+0x80f7f8]
V  [jvm.dll+0x45035e]
V  [jvm.dll+0x451ac1]
C  [jli.dll+0x52ab]
C  [ucrtbase.dll+0x37b0]
C  [KERNEL32.DLL+0x2e8d7]
C  [ntdll.dll+0x8c53c]


---------------  P R O C E S S  ---------------

Threads class SMR info:
_java_thread_list=0x00007ffabe3f1848, length=0, elements={
}

Java Threads: ( => current thread )
Total: 0

Other Threads:
  0x000002647816efe0 WorkerThread "GC Thread#0"                     [id=4208, stack(0x000000ec5d800000,0x000000ec5d900000) (1024K)]
  0x000002647a724010 ConcurrentGCThread "G1 Main Marker"            [id=19492, stack(0x000000ec5d900000,0x000000ec5da00000) (1024K)]
  0x000002647816fac0 WorkerThread "G1 Conc#0"                       [id=19980, stack(0x000000ec5da00000,0x000000ec5db00000) (1024K)]

[error occurred during error reporting (printing all threads), id 0xc0000005, EXCEPTION_ACCESS_VIOLATION (0xc0000005) at pc=0x00007ffabdbeaa87]
VM state: not at safepoint (not fully initialized)

VM Mutex/Monitor currently owned by a thread:  ([mutex/lock_event])
[0x00007ffabe45e4a0] Heap_lock - owner thread: 0x000002647a66f750

Heap address: 0x0000000704a00000, size: 4022 MB, Compressed Oops mode: Zero based, Oop shift amount: 3

CDS archive(s) mapped at: [0x0000000000000000-0x0000000000000000-0x0000000000000000), size 0, SharedBaseAddress: 0x0000000800000000, ArchiveRelocationMode: 1.
Narrow klass base: 0x0000000000000000, Narrow klass shift: 0, Narrow klass range: 0x0

GC Precious Log:
 CardTable entry size: 512
 Card Set container configuration: InlinePtr #cards 4 size 8 Array Of Cards #cards 16 size 48 Howl #buckets 8 coarsen threshold 3686 Howl Bitmap #cards 512 size 80 coarsen threshold 460 Card regions per heap region 1 cards per card region 4096

Heap:
 garbage-first heap   total 0K, used 0K [0x0000000704a00000, 0x0000000800000000)
  region size 2048K, 0 young (0K), 0 survivors (0K)
 Metaspace       used 0K, committed 0K, reserved 0K
  class space    used 0K, committed 0K, reserved 0K

Heap Regions: E=young(eden), S=young(survivor), O=old, HS=humongous(starts), HC=humongous(continues), CS=collection set, F=free, TAMS=top-at-mark-start, PB=parsable bottom

Card table byte_map: [0x000002647e830000,0x000002647f010000] _byte_map_base: 0x000002647b00b000

Marking Bits: (CMBitMap*) 0x000002647a6d51a0
 Bits: [0x000002640f000000, 0x0000026412ed8000)

GC Heap History (0 events):
No events

Dll operation events (1 events):
Event: 0.007 Loaded shared library D:\AndroidStudio\jbr\bin\java.dll

Deoptimization events (0 events):
No events

Classes loaded (0 events):
No events

Classes unloaded (0 events):
No events

Classes redefined (0 events):
No events

Internal exceptions (0 events):
No events

ZGC Phase Switch (0 events):
No events

VM Operations (0 events):
No events

Memory protections (0 events):
No events

Nmethod flushes (0 events):
No events

Events (0 events):
No events


Dynamic libraries:
0x00007ff72ef60000 - 0x00007ff72ef6a000 	D:\AndroidStudio\jbr\bin\java.exe
0x00007ffb91560000 - 0x00007ffb917c8000 	C:\WINDOWS\SYSTEM32\ntdll.dll
0x00007ffb90d50000 - 0x00007ffb90e19000 	C:\WINDOWS\System32\KERNEL32.DLL
0x00007ffb8e7c0000 - 0x00007ffb8ebb2000 	C:\WINDOWS\System32\KERNELBASE.dll
0x00007ffb8ed30000 - 0x00007ffb8ee7b000 	C:\WINDOWS\System32\ucrtbase.dll
0x00007ffb53bd0000 - 0x00007ffb53be8000 	D:\AndroidStudio\jbr\bin\jli.dll
0x00007ffb90ea0000 - 0x00007ffb91065000 	C:\WINDOWS\System32\USER32.dll
0x00007ffb80230000 - 0x00007ffb8024b000 	D:\AndroidStudio\jbr\bin\VCRUNTIME140.dll
0x00007ffb8e790000 - 0x00007ffb8e7b7000 	C:\WINDOWS\System32\win32u.dll
0x00007ffb72740000 - 0x00007ffb729d3000 	C:\WINDOWS\WinSxS\amd64_microsoft.windows.common-controls_6595b64144ccf1df_6.0.26100.6725_none_3e085828e334708b\COMCTL32.dll
0x00007ffb91410000 - 0x00007ffb9143b000 	C:\WINDOWS\System32\GDI32.dll
0x00007ffb90a00000 - 0x00007ffb90aa9000 	C:\WINDOWS\System32\msvcrt.dll
0x00007ffb8ef10000 - 0x00007ffb8f03d000 	C:\WINDOWS\System32\gdi32full.dll
0x00007ffb8ebc0000 - 0x00007ffb8ec63000 	C:\WINDOWS\System32\msvcp_win.dll
0x00007ffb8faf0000 - 0x00007ffb8fb1f000 	C:\WINDOWS\System32\IMM32.DLL
0x00007ffb6e3d0000 - 0x00007ffb6e3dc000 	D:\AndroidStudio\jbr\bin\vcruntime140_1.dll
0x00007ffb17fc0000 - 0x00007ffb1804d000 	D:\AndroidStudio\jbr\bin\msvcp140.dll
0x00007ffabd8b0000 - 0x00007ffabe53b000 	D:\AndroidStudio\jbr\bin\server\jvm.dll
0x00007ffb8fa30000 - 0x00007ffb8fae4000 	C:\WINDOWS\System32\ADVAPI32.dll
0x00007ffb8f7d0000 - 0x00007ffb8f876000 	C:\WINDOWS\System32\sechost.dll
0x00007ffb8f910000 - 0x00007ffb8fa28000 	C:\WINDOWS\System32\RPCRT4.dll
0x00007ffb8f890000 - 0x00007ffb8f904000 	C:\WINDOWS\System32\WS2_32.dll
0x00007ffb84ae0000 - 0x00007ffb84aeb000 	C:\WINDOWS\SYSTEM32\VERSION.dll
0x00007ffb8d780000 - 0x00007ffb8d7de000 	C:\WINDOWS\SYSTEM32\POWRPROF.dll
0x00007ffb85410000 - 0x00007ffb85445000 	C:\WINDOWS\SYSTEM32\WINMM.dll
0x00007ffb8d670000 - 0x00007ffb8d684000 	C:\WINDOWS\SYSTEM32\UMPDC.dll
0x00007ffb8d530000 - 0x00007ffb8d54b000 	C:\WINDOWS\SYSTEM32\kernel.appcore.dll
0x00007ffb5a910000 - 0x00007ffb5a91a000 	D:\AndroidStudio\jbr\bin\jimage.dll
0x00007ffb8bda0000 - 0x00007ffb8bfe2000 	C:\WINDOWS\SYSTEM32\DBGHELP.DLL
0x00007ffb902e0000 - 0x00007ffb9065b000 	C:\WINDOWS\System32\combase.dll
0x00007ffb90660000 - 0x00007ffb90737000 	C:\WINDOWS\System32\OLEAUT32.dll
0x00007ffb70a50000 - 0x00007ffb70a8c000 	C:\WINDOWS\SYSTEM32\dbgcore.DLL
0x00007ffb8e6f0000 - 0x00007ffb8e788000 	C:\WINDOWS\System32\bcryptPrimitives.dll
0x00007ffb55ea0000 - 0x00007ffb55ec0000 	D:\AndroidStudio\jbr\bin\java.dll

dbghelp: loaded successfully - version: 4.0.5 - missing functions: none
symbol engine: initialized successfully - sym options: 0x614 - pdb path: .;D:\AndroidStudio\jbr\bin;C:\WINDOWS\SYSTEM32;C:\WINDOWS\WinSxS\amd64_microsoft.windows.common-controls_6595b64144ccf1df_6.0.26100.6725_none_3e085828e334708b;D:\AndroidStudio\jbr\bin\server

VM Arguments:
java_command: org.jetbrains.kotlin.cli.jvm.K2JVMCompiler @C:\Users\Tharushika Rukshani\source\repos\EAD_Assignment\EVConnect\mobile\app\build\20251009_14060741642052785305.compiler.options
java_class_path (initial): C:\Users\Tharushika Rukshani\.gradle\caches\modules-2\files-2.1\org.jetbrains.kotlin\kotlin-compiler-embeddable\1.9.0\2c8c3a7402becca891f12739b3e9fd2dc2adbd7a\kotlin-compiler-embeddable-1.9.0.jar;C:\Users\Tharushika Rukshani\.gradle\caches\modules-2\files-2.1\org.jetbrains.kotlin\kotlin-stdlib\1.9.0\8ee15ef0c67dc83d874f412d84378d7f0eb50b63\kotlin-stdlib-1.9.0.jar;C:\Users\Tharushika Rukshani\.gradle\caches\modules-2\files-2.1\org.jetbrains.kotlin\kotlin-script-runtime\1.9.0\4b3102cbbb7e1b58d9d1adf89563f00069ffa7d1\kotlin-script-runtime-1.9.0.jar;C:\Users\Tharushika Rukshani\.gradle\caches\modules-2\files-2.1\org.jetbrains.kotlin\kotlin-reflect\1.6.10\1cbe9c92c12a94eea200d23c2bbaedaf3daf5132\kotlin-reflect-1.6.10.jar;C:\Users\Tharushika Rukshani\.gradle\caches\modules-2\files-2.1\org.jetbrains.kotlin\kotlin-daemon-embeddable\1.9.0\186543f5e28cf8d9a0290fecc2cf34301c40a65c\kotlin-daemon-embeddable-1.9.0.jar;C:\Users\Tharushika Rukshani\.gradle\caches\modules-2\files-2.1\org.jetbrains.intellij.deps\trove4j\1.0.20200330\3afb14d5f9ceb459d724e907a21145e8ff394f02\trove4j-1.0.20200330.jar;C:\Users\Tharushika Rukshani\.gradle\caches\modules-2\files-2.1\org.jetbrains.kotlin\kotlin-stdlib-common\1.9.0\cd65c21cfd1eec4d44ef09f9f52b6d9f8a720636\kotlin-stdlib-common-1.9.0.jar;C:\Users\Tharushika Rukshani\.gradle\caches\modules-2\files-2.1\org.jetbrains\annotations\13.0\919f0dfe192fb4e063e7dacadee7f8bb9a2672a9\annotations-13.0.jar
Launcher Type: SUN_STANDARD

[Global flags]
     intx CICompilerCount                          = 12                                        {product} {ergonomic}
     uint ConcGCThreads                            = 3                                         {product} {ergonomic}
     uint G1ConcRefinementThreads                  = 13                                        {product} {ergonomic}
   size_t G1HeapRegionSize                         = 2097152                                   {product} {ergonomic}
    uintx GCDrainStackTargetSize                   = 64                                        {product} {ergonomic}
   size_t InitialHeapSize                          = 264241152                                 {product} {ergonomic}
   size_t MarkStackSize                            = 4194304                                   {product} {ergonomic}
   size_t MaxHeapSize                              = 4217372672                                {product} {ergonomic}
   size_t MinHeapDeltaBytes                        = 2097152                                   {product} {ergonomic}
   size_t MinHeapSize                              = 8388608                                   {product} {ergonomic}
    uintx NonNMethodCodeHeapSize                   = 7602480                                {pd product} {ergonomic}
    uintx NonProfiledCodeHeapSize                  = 122027880                              {pd product} {ergonomic}
    uintx ProfiledCodeHeapSize                     = 122027880                              {pd product} {ergonomic}
    uintx ReservedCodeCacheSize                    = 251658240                              {pd product} {ergonomic}
     bool SegmentedCodeCache                       = true                                      {product} {ergonomic}
   size_t SoftMaxHeapSize                          = 4217372672                             {manageable} {ergonomic}
     bool UseCompressedOops                        = true                           {product lp64_product} {ergonomic}
     bool UseG1GC                                  = true                                      {product} {ergonomic}
     bool UseLargePagesIndividualAllocation        = false                                  {pd product} {ergonomic}

Logging:
Log output configuration:
 #0: stdout all=warning uptime,level,tags foldmultilines=false
 #1: stderr all=off uptime,level,tags foldmultilines=false

Environment Variables:
JAVA_HOME=C:\Program Files\BellSoft\LibericaJDK-23\
PATH=C:\Program Files\Common Files\Oracle\Java\javapath;C:\Program Files (x86)\Common Files\Oracle\Java\java8path;C:\Program Files (x86)\Common Files\Oracle\Java\javapath;C:\Program Files\BellSoft\LibericaJDK-23\bin\;C:\app\TharushikaRukshani\product\21c\dbhomeXE\bin;C:\Program Files\OpenLogic\jdk-21.0.4.7-hotspot\bin;C:\Windows\system32;C:\Windows;C:\Windows\System32\Wbem;C:\Windows\System32\WindowsPowerShell\v1.0\;C:\Windows\System32\OpenSSH\;C:\Program Files (x86)\NVIDIA Corporation\PhysX\Common;C:\Program Files\NVIDIA Corporation\NVIDIA NvDLISR;C:\Program Files\Git\cmd;C:\Program Files\Azure Data Studio\bin;C:\Program Files (x86)\Microsoft SQL Server\160\Tools\Binn\;C:\Program Files\Microsoft SQL Server\160\Tools\Binn\;C:\Program Files\Microsoft SQL Server\Client SDK\ODBC\170\Tools\Binn\;C:\Program Files\Microsoft SQL Server\160\DTS\Binn\;C:\Users\Tharushika.MSI\AppData\Local\Android\Sdk;C:\WINDOWS\system32;C:\WINDOWS;C:\WINDOWS\System32\Wbem;C:\WINDOWS\System32\WindowsPowerShell\v1.0\;C:\WINDOWS\System32\OpenSSH\;C:\Program Files\nodejs\;C:\Program Files\dotnet\;C:\Program Files\dotnet\;C:\Users\Tharushika Rukshani\OneDrive\Desktop\mongosh;C:\Program Files\Microsoft SQL Server\150\Tools\Binn\;C:\Users\Tharushika Rukshani\AppData\Local\Programs\Python\Launcher\;C:\Users\Tharushika Rukshani\AppData\Local\Microsoft\WindowsApps;C:\Users\Tharushika Rukshani\AppData\Local\GitHubDesktop\bin;C:\Program Files\JetBrains\IntelliJ IDEA Community Edition 2024.1.1\bin;;C:\Users\Tharushika Rukshani\AppData\Local\Programs\Microsoft VS Code\bin;C:\Users\Tharushika Rukshani\AppData\Roaming\npm;C:\Program Files\Java\jdk-23\bin;C:\Users\Tharushika Rukshani\AppData\Roaming\npm;C:\Users\Tharushika Rukshani\AppData\Local\Programs\mongosh\;C:\Users\Tharushika Rukshani\.dotnet\tools
USERNAME=TharushikaRukshani
OS=Windows_NT
PROCESSOR_IDENTIFIER=Intel64 Family 6 Model 186 Stepping 2, GenuineIntel
TMP=C:\Users\THARUS~1\AppData\Local\Temp
TEMP=C:\Users\THARUS~1\AppData\Local\Temp




Periodic native trim disabled

JNI global refs:
JNI global refs: 0, weak refs: 0

JNI global refs memory usage: 0, weak refs: 0

Process memory usage:
Resident Set Size: 13128K (0% of 16473600K total physical memory with 1105152K free physical memory)

OOME stack traces (most recent first):
Classloader memory used:

---------------  S Y S T E M  ---------------

OS:
 Windows 11 , 64 bit Build 26100 (10.0.26100.6725)
OS uptime: 0 days 19:14 hours
Hyper-V role detected

CPU: total 16 (initial active 16) (8 cores per cpu, 2 threads per core) family 6 model 186 stepping 2 microcode 0x410e, cx8, cmov, fxsr, ht, mmx, 3dnowpref, sse, sse2, sse3, ssse3, sse4.1, sse4.2, popcnt, lzcnt, tsc, tscinvbit, avx, avx2, aes, erms, clmul, bmi1, bmi2, adx, sha, fma, vzeroupper, clflush, clflushopt, clwb, hv, serialize, rdtscp, rdpid, fsrm, f16c, cet_ibt, cet_ss
Processor Information for processor 0
  Max Mhz: 2400, Current Mhz: 1520, Mhz Limit: 2400
Processor Information for processor 1
  Max Mhz: 2400, Current Mhz: 2400, Mhz Limit: 2400
Processor Information for processor 2
  Max Mhz: 2400, Current Mhz: 1520, Mhz Limit: 2400
Processor Information for processor 3
  Max Mhz: 2400, Current Mhz: 2400, Mhz Limit: 2400
Processor Information for processor 4
  Max Mhz: 2400, Current Mhz: 2400, Mhz Limit: 2400
Processor Information for processor 5
  Max Mhz: 2400, Current Mhz: 2400, Mhz Limit: 2400
Processor Information for processor 6
  Max Mhz: 2400, Current Mhz: 2400, Mhz Limit: 2400
Processor Information for processor 7
  Max Mhz: 2400, Current Mhz: 2400, Mhz Limit: 2400
Processor Information for processor 8
  Max Mhz: 2400, Current Mhz: 2400, Mhz Limit: 2400
Processor Information for processor 9
  Max Mhz: 2400, Current Mhz: 2400, Mhz Limit: 2400
Processor Information for processor 10
  Max Mhz: 2400, Current Mhz: 2400, Mhz Limit: 2400
Processor Information for processor 11
  Max Mhz: 2400, Current Mhz: 2400, Mhz Limit: 2400
Processor Information for processor 12
  Max Mhz: 2400, Current Mhz: 2400, Mhz Limit: 2400
Processor Information for processor 13
  Max Mhz: 2400, Current Mhz: 1466, Mhz Limit: 2400
Processor Information for processor 14
  Max Mhz: 2400, Current Mhz: 2400, Mhz Limit: 2400
Processor Information for processor 15
  Max Mhz: 2400, Current Mhz: 2400, Mhz Limit: 2400

Memory: 4k page, system-wide physical 16087M (1079M free)
TotalPageFile size 28010M (AvailPageFile size 210M)
current process WorkingSet (physical memory assigned to process): 12M, peak: 12M
current process commit charge ("private bytes"): 71M, peak: 323M

vm_info: OpenJDK 64-Bit Server VM (21.0.6+-13391695-b895.109) for windows-amd64 JRE (21.0.6+-13391695-b895.109), built on 2025-04-22T21:19:17Z by "builder" with MS VC++ 16.10 / 16.11 (VS2019)

END.
